../Core/Src/main.c:86:5:main	8	static
../Core/Src/main.c:137:6:SystemClock_Config	88	static
../Core/Src/main.c:183:13:MX_I2C1_Init	8	static
../Core/Src/main.c:217:13:MX_I2S3_Init	8	static
../Core/Src/main.c:251:13:MX_SPI1_Init	8	static
../Core/Src/main.c:289:13:MX_TIM6_Init	16	static
../Core/Src/main.c:327:13:MX_TIM7_Init	16	static
../Core/Src/main.c:365:13:MX_GPIO_Init	56	static
../Core/Src/main.c:457:6:HAL_GPIO_EXTI_Callback	16	static
../Core/Src/main.c:504:6:HAL_TIM_PeriodElapsedCallback	32	static
../Core/Src/main.c:534:6:dot	16	static
../Core/Src/main.c:540:6:dash	16	static
../Core/Src/main.c:554:6:Error_Handler	4	static,ignoring_inline_asm
